# file opened: c:\Users\cpujo\Desktop\Aoc\MasterMind\PintarValidacion.asm
 1    0000              PintarColor:
 2    0000 11 06 00         ld de,6;incremento 6 veces para llegar al espacio de validacion
 3    0003 19               add hl,de
c:\Users\cpujo\Desktop\Aoc\MasterMind\PintarValidacion.asm(4): error: Label not found: negros
 4    0004 3A 00 00         ld a,(negros)
 5    0007 47               ld b,a
 6    0008              pintarnegros:
 7    0008 36 10            ld (hl),$10
 8    000A 23               inc hl
 9    000B 10 FB            djnz pintarnegros
10    000D
c:\Users\cpujo\Desktop\Aoc\MasterMind\PintarValidacion.asm(11): error: Label not found: blancos
11    000D 3A 00 00         ld a,(blancos)
12    0010 47               ld b,a
13    0011
14    0011              pintarBlancos:
15    0011 36 38            ld (hl),$38
16    0013 23               inc hl
17    0014 10 FB            djnz pintarBlancos
18    0016 C9               RET
# file closed: c:\Users\cpujo\Desktop\Aoc\MasterMind\PintarValidacion.asm
